---
source: crates/codegen/tests/opt_pipeline.rs
input_file: test_files/opt_pipeline/scalar_alloca_promote_loop.sntn
---
target = "evm-ethereum-osaka"

func public %entry(v0.i32) -> i32 {
    block0:
        jump block1;

    block1:
        v13.i32 = phi (1.i32 block0) (v6 block2);
        v2.i32 = phi (0.i32 block0) (v5 block2);
        v3.i1 = lt v2 v0;
        br v3 block2 block3;

    block2:
        v5.i32 = add v2 1.i32;
        v6.i32 = add v13 v5;
        jump block1;

    block3:
        return v13;
}
