---
source: crates/codegen/tests/evm.rs
expression: "String::from_utf8(out).unwrap()"
input_file: test_files/evm/fe_hash2_repro_loop_direct_const_unoptimized.sntn
---
evm.config: stack_reach=16 vcode=true bytecode_hex=false stackify_trace=true evm_trace=false emit_observability=false opt=2

object: Contract
  section runtime: 105 bytes
  total: 105 bytes

functions:
  run: ir_blocks=1 ir_insts=16 vcode_ops=17 fixups=2 imm_bytes=4
    mem: scratch_words=1 stable_words=0 stable_mode=None entry_abs_words=1 abs_words_end=1
  __repro_runtime_entry: ir_blocks=3 ir_insts=5 vcode_ops=16 fixups=3 imm_bytes=1
    mem: scratch_words=0 stable_words=0 stable_mode=None entry_abs_words=1 abs_words_end=0

evm:
  case ok: calldata_len=0 success reason=Return gas_used=21102 gas_refunded=0 logs=0 output=call len=0 tx_gas=21000 runtime_gas=102


--------------- DEBUG ---------------

// func private %run() -> i256
  block0 P=[] T=[]
    // v1.i256 = sym_addr $__fe_const_data_0;
    - stack=[<RET>]
      sym_addr [] -> v1
    // v2.*[i256; 1] = int_to_ptr v1 *[i256; 1];
    - stack=[v1, <RET>]
      int_to_ptr [v1] -> v1
    // v3.*i256 = bitcast v2 *i256;
    - stack=[v1, <RET>]
      bitcast [v1] -> v1
    // v4.i256 = ptr_to_int v3 i256;
    - stack=[v1, <RET>]
      ptr_to_int [v1] -> v1
    // v5.*i256 = alloca i256;
    - stack=[v1, <RET>]
      alloca [] -> v5
    // v6.i256 = ptr_to_int v5 i256;
    - stack=[v5, v1, <RET>]
      ptr_to_int [v5] -> v5
    // evm_code_copy v6 v4 32.i256;
    - stack=[v5, v1, <RET>], last_use=[v1, v5]
      pre: [SWAP1, PUSH(32), SWAP2]
      evm_code_copy [v5, v1, 32]
    // v13.i256 = sym_addr $__fe_const_data_1;
    - stack=[<RET>]
      sym_addr [] -> v13
    // v14.*[i256; 1] = int_to_ptr v13 *[i256; 1];
    - stack=[v13, <RET>]
      int_to_ptr [v13] -> v13
    // v15.*i256 = bitcast v14 *i256;
    - stack=[v13, <RET>]
      bitcast [v13] -> v13
    // v16.i256 = ptr_to_int v15 i256;
    - stack=[v13, <RET>]
      ptr_to_int [v13] -> v13
    // v17.*i256 = alloca i256;
    - stack=[v13, <RET>]
      alloca [] -> v17
    // v18.i256 = ptr_to_int v17 i256;
    - stack=[v17, v13, <RET>]
      ptr_to_int [v17] -> v17
    // evm_code_copy v18 v16 32.i256;
    - stack=[v17, v13, <RET>], last_use=[v13]
      pre: [PUSH(32), SWAP1, SWAP2, DUP3]
      evm_code_copy [v17, v13, 32]
    // v19.i256 = mload v18 i256;
    - stack=[v17, <RET>], last_use=[v17]
      mload [v17] -> v19
    // return v19;
    - stack=[v19, <RET>]
      return [v19]

// func private %__repro_runtime_entry()
  block0 P=[] T=[]
    // v1.i256 = call %run;
    - stack=[]
      pre: [PUSH_CONT]
      call [] -> v1
    // v3.i1 = eq v1 2.i256;
    - stack=[v1], last_use=[v1]
      pre: [PUSH(2)]
      eq [2, v1] -> v3
    // br v3 block1 block4;
    - stack=[v3]
      br [v3] -> [block1, block4]
  block1 P=[] T=[]
    // evm_return 0.i256 0.i256;
    - stack=[]
      pre: [PUSH(0), PUSH(0)]
      evm_return [0, 0]
  block4 P=[] T=[]
    // evm_revert 0.i256 0.i256;
    - stack=[]
      pre: [PUSH(0), PUSH(0)]
      evm_revert [0, 0]

// func private %run() -> i256
run:
  block0:
    JUMPDEST
    PUSH0 0x0 (0)  // v1.i256 = sym_addr $__fe_const_data_0;
    PUSH0  // v7.*i256 = alloca i256;
    SWAP1  // evm_code_copy v8 v5 32.i256;
    PUSH1 0x20 (32)
    SWAP2
    CODECOPY
    PUSH0 0x0 (0)  // v15.i256 = sym_addr $__fe_const_data_1;
    PUSH0  // v19.*i256 = alloca i256;
    PUSH1 0x20 (32)  // evm_code_copy v20 v18 32.i256;
    SWAP1
    SWAP2
    DUP3
    CODECOPY
    MLOAD  // v21.i256 = mload v20 i256;
    SWAP1  // return v21;
    JUMP

// func private %__repro_runtime_entry()
__repro_runtime_entry:
  block0:
    PUSH1 `pc + (3)`  // v1.i256 = call %run;
    PUSH1 FuncRef(0)
    JUMP
    JUMPDEST
    PUSH1 0x2 (2)  // v3.i1 = eq v1 2.i256;
    EQ
    ISZERO  // br v3 block1 block4;
    PUSH1 block4
    JUMPI
  block1:
    PUSH0  // evm_return 0.i256 0.i256;
    PUSH0
    RETURN
  block4:
    JUMPDEST
    PUSH0  // evm_revert 0.i256 0.i256;
    PUSH0
    REVERT
